------------------------------------------------------------
TimeQuest Timing Analyzer Summary
------------------------------------------------------------

Type  : Slow Model Setup 'clk'
Slack : -7.294
TNS   : -218.126

Type  : Slow Model Setup 'clk_50'
Slack : 3.141
TNS   : 0.000

Type  : Slow Model Hold 'clk'
Slack : -3.125
TNS   : -3.125

Type  : Slow Model Hold 'clk_50'
Slack : -2.907
TNS   : -2.907

Type  : Slow Model Minimum Pulse Width 'clk_50'
Slack : -1.941
TNS   : -3.425

Type  : Slow Model Minimum Pulse Width 'hvsync_generator:hvsync|rx:rxmodule|r_Rx_Byte[0]'
Slack : -0.742
TNS   : -160.272

Type  : Slow Model Minimum Pulse Width 'clk'
Slack : -0.742
TNS   : -96.460

Type  : Fast Model Setup 'clk'
Slack : -1.949
TNS   : -37.468

Type  : Fast Model Setup 'clk_50'
Slack : 1.593
TNS   : 0.000

Type  : Fast Model Hold 'clk'
Slack : -1.353
TNS   : -1.353

Type  : Fast Model Hold 'clk_50'
Slack : -1.213
TNS   : -1.213

Type  : Fast Model Minimum Pulse Width 'clk_50'
Slack : -1.380
TNS   : -2.380

Type  : Fast Model Minimum Pulse Width 'hvsync_generator:hvsync|rx:rxmodule|r_Rx_Byte[0]'
Slack : -0.500
TNS   : -108.000

Type  : Fast Model Minimum Pulse Width 'clk'
Slack : -0.500
TNS   : -65.000

------------------------------------------------------------
